git: 'add.' is not a git command. See 'git --help'.

The most similar command is
        add
PS C:\Users\Fanap_Dotin\Desktop\my-project> git add.
git: 'add.' is not a git command. See 'git --help'.

The most similar command is
        add
PS C:\Users\Fanap_Dotin\Desktop\my-project> git commit -m "alaki"
On branch new-fix-bug
Untracked files:
  (use "git add <file>..." to include in what will be committed)
        new-chaqnge/dear.txt

nothing added to commit but untracked files present (use "git add" to track)
PS C:\Users\Fanap_Dotin\Desktop\my-project> git add.
git: 'add.' is not a git command. See 'git --help'.

The most similar command is
        add
PS C:\Users\Fanap_Dotin\Desktop\my-project> git init
Reinitialized existing Git repository in C:/Users/Fanap_Dotin/Desktop/my-project/.git/
PS C:\Users\Fanap_Dotin\Desktop\my-project> git add.
git: 'add.' is not a git command. See 'git --help'.

The most similar command is
        add
PS C:\Users\Fanap_Dotin\Desktop\my-project> git add .
PS C:\Users\Fanap_Dotin\Desktop\my-project> git add .
PS C:\Users\Fanap_Dotin\Desktop\my-project> git commit -m "alaki"
[new-fix-bug f98cfb6] alaki
 1 file changed, 2 insertions(+)
 create mode 100644 new-chaqnge/dear.txt
PS C:\Users\Fanap_Dotin\Desktop\my-project>